src/components/trading/SignalCard.tsx(91,137): error TS2339: Property 'price' does not exist on type 'SignalResponse'.
src/pages/IntradayTrading.tsx(118,23): error TS2367: This comparison appears to be unintentional because the types '"HOLD"' and '"BUY"' have no overlap.
src/pages/IntradayTrading.tsx(118,54): error TS2367: This comparison appears to be unintentional because the types '"HOLD"' and '"SELL"' have no overlap.
src/pages/IntradayTrading.tsx(322,160): error TS2353: Object literal may only specify known properties, and 'align' does not exist in type 'Properties<string | number, string & {}>'.
src/pages/IntradayView.tsx(118,23): error TS2367: This comparison appears to be unintentional because the types '"HOLD"' and '"BUY"' have no overlap.
src/pages/IntradayView.tsx(118,54): error TS2367: This comparison appears to be unintentional because the types '"HOLD"' and '"SELL"' have no overlap.
src/pages/IntradayView.tsx(322,160): error TS2353: Object literal may only specify known properties, and 'align' does not exist in type 'Properties<string | number, string & {}>'.
src/pages/SwingTrading.tsx(81,23): error TS2367: This comparison appears to be unintentional because the types '"HOLD"' and '"BUY"' have no overlap.
src/pages/SwingTrading.tsx(81,54): error TS2367: This comparison appears to be unintentional because the types '"HOLD"' and '"SELL"' have no overlap.
src/pages/SwingTradingView.tsx(81,23): error TS2367: This comparison appears to be unintentional because the types '"HOLD"' and '"BUY"' have no overlap.
src/pages/SwingTradingView.tsx(81,54): error TS2367: This comparison appears to be unintentional because the types '"HOLD"' and '"SELL"' have no overlap.
